[thebluewalrus.com/2015/06/18/five-albums-to-watch-out-for-this-summer/index.html]
[backblue.gif]
[fade.gif]
[index.html]
[thebluewalrus.com/wp-content/uploads/2015/06/wolf-alice-my-love-is-cool.jpg]
[i1.wp.com/thebluewalrus.com/wp-content/uploads/2015/06/wolf-alice-my-love-is-cool49d2.jpg]
[thebluewalrus.com/wp-content/plugins/monarch/css/style5152.css]
[thebluewalrus.com/wp-content/plugins/mailchimp-for-wp/assets/css/checkbox.min9254.css]
[thebluewalrus.com/2015/06/18/five-albums-to-watch-out-for-this-summer/feed/index.html]
[thebluewalrus.com/wp-content/themes/bluecassia/style3a05.css]
[thebluewalrus.com/wp-content/themes/cassia/css/responsive3a05.css]
[netdna.bootstrapcdn.com/font-awesome/4.0.1/css/font-awesome3a05.css]
[thebluewalrus.com/wp-content/plugins/mailchimp-for-wp/assets/css/form.min9254.css]
[thebluewalrus.com/wp-content/plugins/jetpack/css/jetpack039c.css]
[thebluewalrus.com/wp-content/uploads/2013/12/thebluewalrus.png]
[i1.wp.com/thebluewalrus.com/wp-content/uploads/2015/06/wolf-alice-my-love-is-cool7b0c.jpg]
[i2.wp.com/thebluewalrus.com/wp-content/uploads/2015/07/kisses-a-groove7472.jpg]
[i1.wp.com/thebluewalrus.com/wp-content/uploads/2015/07/kazy-lambist-on-you7472.jpg]
[i1.wp.com/thebluewalrus.com/wp-content/uploads/2015/07/summer-mixtape-20157472.jpg]
[thebluewalrus.com/2015/06/18/five-albums-to-watch-out-for-this-summer/index9476.html]
[thebluewalrus.com/2015/06/18/five-albums-to-watch-out-for-this-summer/12803 http_/thebluewalrus.com/index7e3e.html]
[www.thebluewalrus.com/wp-content/themes/bluecassia/images/icons/facebook.png]
[www.thebluewalrus.com/wp-content/themes/bluecassia/images/icons/twitter.png]
[www.thebluewalrus.com/wp-content/themes/bluecassia/images/icons/tumblr.png]
[www.thebluewalrus.com/wp-content/themes/bluecassia/images/icons/soundcloud.png]
[www.thebluewalrus.com/wp-content/themes/bluecassia/images/icons/22tracks.png]
[www.thebluewalrus.com/wp-content/themes/bluecassia/images/icons/hypem.png]
[www.thebluewalrus.com/wp-content/themes/bluecassia/images/icons/shufflerfm.png]
[www.thebluewalrus.com/wp-content/themes/bluecassia/images/icons/rss.png]
[www.thebluewalrus.com/wp-content/uploads/2011/06/descrier-300x70.png]
[thebluewalrus.com/wp-content/uploads/2015/06/wolf-alice-my-love-is-cool-580x580.jpg]
[thebluewalrus.com/wp-content/plugins/jetpack/modules/photon/photonb3d9.js]
[thebluewalrus.com/wp-content/plugins/monarch/js/ouibounce5152.js]
[thebluewalrus.com/wp-content/plugins/monarch/js/custom5152.js]
[s0.wp.com/wp-content/js/devicepx-jetpackbcb7.js]
[thebluewalrus.com/wp-content/themes/cassia/js/manna3a05.js]
[thebluewalrus.com/wp-content/themes/cassia/js/jquery.mobilemenu3a05.js]
[platform.tumblr.com/v1/share3a05.js]
[thebluewalrus.com/wp-content/themes/cassia/js/jquery.flexslider3a05.js]
[thebluewalrus.com/wp-content/themes/cassia/js/fitvids3a05.js]
[thebluewalrus.com/wp-content/themes/cassia/js/jquery.colorbox-min3a05.js]
[thebluewalrus.com/2015/06/18/five-albums-to-watch-out-for-this-summer/index.html]
[stats.wp.com/e-201528.js]
[thebluewalrus.com/wp-content/plugins/monarch/css/fonts/ETmonarch.eot]
[thebluewalrus.com/wp-content/plugins/monarch/css/fonts/ETmonarch.ttf]
[thebluewalrus.com/wp-content/plugins/monarch/css/fonts/ETmonarchd41d.eot]
[thebluewalrus.com/wp-content/plugins/monarch/css/fonts/ETmonarch.woff]
[thebluewalrus.com/wp-content/plugins/monarch/css/fonts/ETmonarch.svg]
[thebluewalrus.com/wp-content/plugins/monarch/css/style5152.css]
[thebluewalrus.com/wp-content/plugins/mailchimp-for-wp/assets/css/checkbox.min9254.css]
[thebluewalrus.com/wp-content/themes/cassia/style.css]
[thebluewalrus.com/wp-content/themes/bluecassia/style3a05.css]
[thebluewalrus.com/wp-content/themes/cassia/css/responsive3a05.css]
[netdna.bootstrapcdn.com/font-awesome/4.0.1/css/font-awesome3a05.css]
[thebluewalrus.com/wp-content/plugins/mailchimp-for-wp/assets/css/form.min9254.css]
[thebluewalrus.com/wp-content/plugins/jetpack/modules/carousel/images/arrows.png]
[thebluewalrus.com/wp-content/plugins/jetpack/modules/carousel/images/arrows-2x.png]
[thebluewalrus.com/wp-content/plugins/jetpack/modules/carousel/images/carousel-spritee4da.png]
[thebluewalrus.com/wp-content/plugins/jetpack/modules/carousel/images/carousel-sprite-2xe4da.png]
[thebluewalrus.com/wp-content/plugins/jetpack/modules/shortcodes/img/slideshow-controls.png]
[thebluewalrus.com/wp-content/plugins/jetpack/modules/shortcodes/img/slideshow-controls-2x.png]
[thebluewalrus.com/wp-content/plugins/jetpack/modules/shortcodes/images/slide-nav.png]
[thebluewalrus.com/wp-content/plugins/jetpack/modules/shortcodes/images/expand.png]
[thebluewalrus.com/wp-content/plugins/jetpack/modules/shortcodes/images/collapse.png]
[thebluewalrus.com/wp-content/plugins/jetpack/css/jetpack039c.css]
[0.gravatar.com/images/grav-share-sprite.png]
[thebluewalrus.com/2015/06/18/five-albums-to-watch-out-for-this-summer/12803 http_/thebluewalrus.com/index7e3e.html]
[thebluewalrus.com/2015/06/18/five-albums-to-watch-out-for-this-summer/index9476.html]
[s0.wp.com/wp-content/js/devicepx-jetpackbcb7.js]
[thebluewalrus.com/2015/06/18/five-albums-to-watch-out-for-this-summer/g.gif]
[thebluewalrus.com/2015/06/18/five-albums-to-watch-out-for-this-summer/c.gif]
[stats.wp.com/e-201528.js]
[thebluewalrus.com/wp-content/plugins/monarch/css/fonts/ETmonarch.svg]
[thebluewalrus.com/wp-content/themes/cassia/css/reset.css]
[thebluewalrus.com/wp-content/themes/cassia/css/flexslider.css]
[thebluewalrus.com/wp-content/themes/cassia/css/colorbox.css]
[thebluewalrus.com/wp-content/themes/cassia/img/header-overlay.png]
[thebluewalrus.com/wp-content/themes/cassia/img/searchsubmit.png]
[thebluewalrus.com/wp-content/themes/cassia/img/comment.png]
[thebluewalrus.com/wp-content/themes/cassia/img/icon-video.png]
[thebluewalrus.com/wp-content/themes/cassia/img/icon-music.png]
[thebluewalrus.com/wp-content/themes/cassia/img/icon-gallery.png]
[thebluewalrus.com/wp-content/themes/cassia/style.css]
[thebluewalrus.com/2015/06/18/five-albums-to-watch-out-for-this-summer/g.html]
[thebluewalrus.com/2015/06/18/five-albums-to-watch-out-for-this-summer/c.html]
[thebluewalrus.com/wp-content/themes/cassia/css/reset.css]
[thebluewalrus.com/wp-content/themes/cassia/css/fonts/flexslider-icon.eot]
[thebluewalrus.com/wp-content/themes/cassia/css/fonts/flexslider-icond41d.eot]
[thebluewalrus.com/wp-content/themes/cassia/css/fonts/flexslider-icon.woff]
[thebluewalrus.com/wp-content/themes/cassia/css/fonts/flexslider-icon.ttf]
[thebluewalrus.com/wp-content/themes/cassia/css/fonts/flexslider-icon.svg]
[thebluewalrus.com/wp-content/themes/cassia/img/slider-nav.png]
[thebluewalrus.com/wp-content/themes/cassia/css/flexslider.css]
[thebluewalrus.com/wp-content/themes/cassia/img/colorbox/overlay.png]
[thebluewalrus.com/wp-content/themes/cassia/img/colorbox/controls.png]
[thebluewalrus.com/wp-content/themes/cassia/img/colorbox/border.png]
[thebluewalrus.com/wp-content/themes/cassia/img/colorbox/loading_background.png]
[thebluewalrus.com/wp-content/themes/cassia/img/colorbox/loading.gif]
[thebluewalrus.com/wp-content/themes/cassia/css/colorbox.css]
[thebluewalrus.com/wp-content/themes/cassia/css/fonts/flexslider-icon.html]
[thebluewalrus.com/wp-content/themes/cassia/css/fonts/flexslider-icond41d.html]
[thebluewalrus.com/wp-content/themes/cassia/css/fonts/flexslider-icon-2.html]
[thebluewalrus.com/wp-content/themes/cassia/css/fonts/flexslider-icon-3.html]
[thebluewalrus.com/wp-content/themes/cassia/css/fonts/flexslider-icon-4.html]
